2026-04-25T21:47:12.736+05:30  INFO 22860 --- [POS-Server] [restartedMain] com.devstack.POS.PosApplication          : Starting PosApplication using Java 23.0.1 with PID 22860 (C:\Users\E.J.C.Dissanayaka\Desktop\POS\target\classes started by E.J.C.Dissanayaka in C:\Users\E.J.C.Dissanayaka\Desktop\POS)
2026-04-25T21:47:12.738+05:30 DEBUG 22860 --- [POS-Server] [restartedMain] com.devstack.POS.PosApplication          : Running with Spring Boot v4.0.6, Spring v7.0.7
2026-04-25T21:47:12.739+05:30  INFO 22860 --- [POS-Server] [restartedMain] com.devstack.POS.PosApplication          : The following 1 profile is active: "dev"
2026-04-25T21:47:12.812+05:30  INFO 22860 --- [POS-Server] [restartedMain] .e.DevToolsPropertyDefaultsPostProcessor : Devtools property defaults active! Set 'spring.devtools.add-properties' to 'false' to disable
2026-04-25T21:47:12.826+05:30  INFO 22860 --- [POS-Server] [restartedMain] .e.DevToolsPropertyDefaultsPostProcessor : For additional web related logging consider setting the 'logging.level.web' property to 'DEBUG'
2026-04-25T21:47:13.331+05:30  INFO 22860 --- [POS-Server] [restartedMain] .s.d.r.c.RepositoryConfigurationDelegate : Bootstrapping Spring Data JPA repositories in DEFAULT mode.
2026-04-25T21:47:13.348+05:30  INFO 22860 --- [POS-Server] [restartedMain] .s.d.r.c.RepositoryConfigurationDelegate : Finished Spring Data repository scanning in 8 ms. Found 0 JPA repository interfaces.
2026-04-25T21:47:13.724+05:30  INFO 22860 --- [POS-Server] [restartedMain] o.s.boot.tomcat.TomcatWebServer          : Tomcat initialized with port 8081 (http)
2026-04-25T21:47:13.734+05:30  INFO 22860 --- [POS-Server] [restartedMain] o.apache.catalina.core.StandardService   : Starting service [Tomcat]
2026-04-25T21:47:13.734+05:30  INFO 22860 --- [POS-Server] [restartedMain] o.apache.catalina.core.StandardEngine    : Starting Servlet engine: [Apache Tomcat/11.0.21]
2026-04-25T21:47:13.766+05:30  INFO 22860 --- [POS-Server] [restartedMain] b.w.c.s.WebApplicationContextInitializer : Root WebApplicationContext: initialization completed in 938 ms
2026-04-25T21:47:13.893+05:30  INFO 22860 --- [POS-Server] [restartedMain] org.hibernate.orm.jpa                    : HHH008540: Processing PersistenceUnitInfo [name: default]
2026-04-25T21:47:13.929+05:30  INFO 22860 --- [POS-Server] [restartedMain] org.hibernate.orm.core                   : HHH000001: Hibernate ORM core version 7.2.12.Final
2026-04-25T21:47:14.307+05:30  INFO 22860 --- [POS-Server] [restartedMain] o.s.o.j.p.SpringPersistenceUnitInfo      : No LoadTimeWeaver setup: ignoring JPA class transformer
2026-04-25T21:47:14.329+05:30  INFO 22860 --- [POS-Server] [restartedMain] com.zaxxer.hikari.HikariDataSource       : HikariPool-1 - Starting...
2026-04-25T21:47:14.658+05:30  INFO 22860 --- [POS-Server] [restartedMain] com.zaxxer.hikari.pool.HikariPool        : HikariPool-1 - Added connection com.mysql.cj.jdbc.ConnectionImpl@3b11bef2
2026-04-25T21:47:14.659+05:30  INFO 22860 --- [POS-Server] [restartedMain] com.zaxxer.hikari.HikariDataSource       : HikariPool-1 - Start completed.
2026-04-25T21:47:14.701+05:30  WARN 22860 --- [POS-Server] [restartedMain] org.hibernate.orm.deprecation            : HHH90000025: MySQLDialect does not need to be specified explicitly using 'hibernate.dialect' (remove the property setting and it will be selected by default)
2026-04-25T21:47:14.718+05:30  INFO 22860 --- [POS-Server] [restartedMain] org.hibernate.orm.connections.pooling    : HHH10001005: Database info:
	Database JDBC URL [jdbc:mysql://localhost:3306/pos_Server?createDatabaseIfNotExist=true]
	Database driver: MySQL Connector/J
	Database dialect: MySQLDialect
	Database version: 8.0.43
	Default catalog/schema: pos_Server/undefined
	Autocommit mode: undefined/unknown
	Isolation level: REPEATABLE_READ [default REPEATABLE_READ]
	JDBC fetch size: none
	Pool: DataSourceConnectionProvider
	Minimum pool size: undefined/unknown
	Maximum pool size: undefined/unknown
2026-04-25T21:47:15.033+05:30  INFO 22860 --- [POS-Server] [restartedMain] org.hibernate.orm.core                   : HHH000489: No JTA platform available (set 'hibernate.transaction.jta.platform' to enable JTA platform integration)
2026-04-25T21:47:15.039+05:30  INFO 22860 --- [POS-Server] [restartedMain] j.LocalContainerEntityManagerFactoryBean : Initialized JPA EntityManagerFactory for persistence unit 'default'
2026-04-25T21:47:15.085+05:30  WARN 22860 --- [POS-Server] [restartedMain] JpaBaseConfiguration$JpaWebConfiguration : spring.jpa.open-in-view is enabled by default. Therefore, database queries may be performed during view rendering. Explicitly configure spring.jpa.open-in-view to disable this warning
2026-04-25T21:47:15.387+05:30  INFO 22860 --- [POS-Server] [restartedMain] o.s.boot.tomcat.TomcatWebServer          : Tomcat started on port 8081 (http) with context path '/api/v1'
2026-04-25T21:47:15.392+05:30  INFO 22860 --- [POS-Server] [restartedMain] com.devstack.POS.PosApplication          : Started PosApplication in 3.171 seconds (process running for 4.068)
2026-04-25T21:47:24.028+05:30  INFO 22860 --- [POS-Server] [SpringApplicationShutdownHook] o.s.boot.tomcat.GracefulShutdown         : Commencing graceful shutdown. Waiting for active requests to complete
2026-04-25T21:47:24.053+05:30  INFO 22860 --- [POS-Server] [tomcat-shutdown] o.s.boot.tomcat.GracefulShutdown         : Graceful shutdown complete
2026-04-25T21:47:24.057+05:30  INFO 22860 --- [POS-Server] [SpringApplicationShutdownHook] j.LocalContainerEntityManagerFactoryBean : Closing JPA EntityManagerFactory for persistence unit 'default'
2026-04-25T21:47:24.060+05:30  INFO 22860 --- [POS-Server] [SpringApplicationShutdownHook] com.zaxxer.hikari.HikariDataSource       : HikariPool-1 - Shutdown initiated...
2026-04-25T21:47:24.068+05:30  INFO 22860 --- [POS-Server] [SpringApplicationShutdownHook] com.zaxxer.hikari.HikariDataSource       : HikariPool-1 - Shutdown completed.
